---
source: crates/graph_engine/tests/lanes.rs
expression: "render(&nodes, &out)"
---
*  m  lane=0 colour=0
        [0->0 0->1 0->2]
● | |  a  lane=0 colour=0
        [0->0 1->1 2->2]
| ● |  b  lane=1 colour=1
        [0->0 1->0 2->2]
|   ●  c  lane=2 colour=2
        [0->0 2->0]
o  r  lane=0 colour=0
